
=== Run 2026-05-16T02:39:16.198Z year=2025 targets=st ===
  generic st-2025: ok total=3496 U=37.9%
  st-2025 manufacturing: ok total=3372 U=41.5%
  st-2025 construction: ok total=4137 U=44.8%
  st-2025 finance: ok total=3760 U=39.9%
  st-2025 retail: ok total=3837 U=36.3%
  st-2025 telecom: ok total=3654 U=42.4%
  st-2025 public: ok total=3716 U=44.8%
WROTE st 2025 spring retries=3
=== Summary year=2025 tokensIn=10579 tokensOut=20868 retries=3 ===

=== Run 2026-05-16T02:43:11.914Z year=2025 targets=sa ===
  generic sa-2025: ok total=3435 U=36.9%
  sa-2025 manufacturing: ok total=3750 U=34.9%
  sa-2025 construction: ok total=3335 U=38.8%
  sa-2025 finance: ok total=3423 U=35.5%
  sa-2025 retail: ok total=2930 U=39.8%
  sa-2025 telecom: ok total=3105 U=39.2%
  sa-2025 public: ok total=3236 U=37.5%
WROTE sa 2025 spring retries=3
=== Summary year=2025 tokensIn=10691 tokensOut=17747 retries=3 ===

=== Run 2026-05-16T02:47:19.094Z year=2025 targets=pm ===
  generic pm-2025: ok total=3343 U=35.4%
  pm-2025 manufacturing: ok total=2919 U=35.4%
  pm-2025 construction: ok total=4090 U=41.2%
  pm-2025 finance: ok total=3084 U=38.7%
  pm-2025 retail: ok total=3924 U=38.6%
  pm-2025 telecom: ok total=2836 U=34.2%
  pm-2025 public: ok total=3269 U=38.6%
WROTE pm 2025 spring retries=0
=== Summary year=2025 tokensIn=7158 tokensOut=13618 retries=0 ===

=== Run 2026-05-16T02:50:30.553Z year=2025 targets=sm ===
  generic sm-2025: ok total=3759 U=40.1%
  sm-2025 manufacturing: ok total=3239 U=38.5%
  sm-2025 construction: ok total=3615 U=32.6%
  sm-2025 finance: ok total=3326 U=36.8%
  sm-2025 retail: ok total=4057 U=38.0%
  sm-2025 telecom: ok total=3300 U=38.2%
  sm-2025 public: ok total=3678 U=42.9%
WROTE sm 2025 autumn retries=0
=== Summary year=2025 tokensIn=7235 tokensOut=14364 retries=0 ===

=== Run 2026-05-16T02:54:27.001Z year=2025 targets=au ===
  generic au-2025: ok total=3581 U=39.1%
  au-2025 manufacturing: ok total=3342 U=38.3%
  au-2025 construction: ok total=3799 U=40.7%
  au-2025 finance: ok total=3766 U=39.2%
  au-2025 retail: ok total=3733 U=44.0%
  au-2025 telecom: ok total=3067 U=40.0%
  au-2025 public: ok total=3382 U=36.3%
WROTE au 2025 autumn retries=2
=== Summary year=2025 tokensIn=9707 tokensOut=16924 retries=2 ===
