
=== Run 2026-05-16T02:36:23.257Z year=2023 targets=st ===
  generic st-2023: ok total=3564 U=38.4%
  st-2023 manufacturing: ok total=4396 U=37.5%
  st-2023 construction: ok total=3187 U=39.0%
  st-2023 finance: ok total=3668 U=39.3%
  st-2023 retail: ok total=3533 U=39.7%
  st-2023 telecom: ok total=3904 U=33.3%
  st-2023 public: ok total=3316 U=37.2%
WROTE st 2023 spring retries=1
=== Summary year=2023 tokensIn=8557 tokensOut=16498 retries=1 ===

=== Run 2026-05-16T02:41:42.655Z year=2023 targets=sa ===
  generic sa-2023: ok total=3191 U=39.9%
  sa-2023 manufacturing: ok total=3198 U=37.6%
  sa-2023 construction: ok total=3576 U=35.8%
  sa-2023 finance: ok total=3519 U=37.4%
  sa-2023 retail: ok total=3754 U=38.3%
  sa-2023 telecom: ok total=3581 U=37.1%
  sa-2023 public: ok total=3103 U=37.6%
WROTE sa 2023 spring retries=0
=== Summary year=2023 tokensIn=7298 tokensOut=13472 retries=0 ===

=== Run 2026-05-16T02:45:37.234Z year=2023 targets=pm ===
  generic pm-2023: ok total=3797 U=39.0%
  pm-2023 manufacturing: ok total=3822 U=43.3%
  pm-2023 construction: ok total=3476 U=35.5%
  pm-2023 finance: ok total=3251 U=37.2%
  pm-2023 retail: ok total=4041 U=37.7%
  pm-2023 telecom: ok total=4109 U=32.7%
  pm-2023 public: ok total=3617 U=43.0%
WROTE pm 2023 spring retries=0
=== Summary year=2023 tokensIn=7235 tokensOut=14765 retries=0 ===

=== Run 2026-05-16T02:49:01.889Z year=2023 targets=sm ===
  generic sm-2023: ok total=3389 U=40.1%
  sm-2023 manufacturing: ok total=3209 U=35.4%
  sm-2023 construction: ok total=3595 U=41.8%
  sm-2023 finance: ok total=3309 U=38.3%
  sm-2023 retail: ok total=3073 U=37.5%
  sm-2023 telecom: ok total=3540 U=39.6%
  sm-2023 public: ok total=3146 U=40.1%
WROTE sm 2023 autumn retries=0
=== Summary year=2023 tokensIn=7298 tokensOut=13379 retries=0 ===

=== Run 2026-05-16T02:52:33.638Z year=2023 targets=au ===
  generic au-2023: ok total=3148 U=38.0%
  au-2023 manufacturing: ok total=3380 U=37.2%
  au-2023 construction: ok total=3323 U=39.7%
  au-2023 finance: ok total=3380 U=35.1%
  au-2023 retail: ok total=3505 U=36.3%
  au-2023 telecom: ok total=3481 U=34.2%
  au-2023 public: ok total=3017 U=38.0%
WROTE au 2023 autumn retries=2
=== Summary year=2023 tokensIn=9681 tokensOut=16961 retries=2 ===
